optout short r1: prompt=13 completion=32 wall=0.698s
optout short r2: prompt=13 completion=32 wall=0.721s
optout short r3: prompt=13 completion=32 wall=0.731s
optout short r4: prompt=13 completion=32 wall=0.727s
optout short r5: prompt=13 completion=32 wall=0.715s
optout short r6: prompt=13 completion=32 wall=0.704s
optout short r7: prompt=13 completion=32 wall=0.723s
optout short r8: prompt=13 completion=32 wall=0.715s
optout short r9: prompt=13 completion=32 wall=0.716s
optout short r10: prompt=13 completion=32 wall=0.713s
optout loaded r1: prompt=30000 completion=32 wall=58.919s
optout loaded r2: prompt=30000 completion=32 wall=58.703s
optout loaded r3: prompt=30000 completion=32 wall=58.724s
optout loaded r4: prompt=30000 completion=32 wall=58.679s
optout loaded r5: prompt=30000 completion=32 wall=58.747s
optout loaded r6: prompt=30000 completion=32 wall=58.600s
optout loaded r7: prompt=30000 completion=32 wall=58.678s
optout loaded r8: prompt=30000 completion=32 wall=58.620s
optout loaded r9: prompt=30000 completion=32 wall=58.597s
optout loaded r10: prompt=30000 completion=32 wall=58.663s
{
  "arm": "optout",
  "status": "passed",
  "output": "/private/tmp/mei-c2-optout-0.6.1/artifacts/f1-c2-release-compare-20260930T095614Z/ornith-060-optout/optout",
  "rows": 20
}
